// Jest Snapshot v1, https://goo.gl/fbAQLP

exports[`should be able to sort an array with objects asc based on a property 1`] = `
Array [
  Object {
    "id": 2.1,
    "name": "Ar",
  },
  Object {
    "id": 0,
    "name": "Bar",
  },
  Object {
    "id": 99.9,
    "name": "Rab",
  },
]
`;

exports[`should be able to sort an array with objects desc based on a property 1`] = `
Array [
  Object {
    "id": 99.9,
    "name": "Rab",
  },
  Object {
    "id": 0,
    "name": "Bar",
  },
  Object {
    "id": 2.1,
    "name": "Ar",
  },
]
`;

exports[`should be able to sort an array with objects hi to low based on a property 1`] = `
Array [
  Object {
    "id": 99.9,
    "name": "Rab",
  },
  Object {
    "id": 2.1,
    "name": "Ar",
  },
  Object {
    "id": 0,
    "name": "Bar",
  },
]
`;

exports[`should be able to sort an array with objects lo to high based on a property 1`] = `
Array [
  Object {
    "id": 0,
    "name": "Bar",
  },
  Object {
    "id": 2.1,
    "name": "Ar",
  },
  Object {
    "id": 99.9,
    "name": "Rab",
  },
]
`;
